<html>
<body>
<pre>
<h1>µVision Build Log</h1>
<h2>Tool Versions:</h2>
IDE-Version: µVision V5.24.2.0
Copyright (C) 2017 ARM Ltd and ARM Germany GmbH. All rights reserved.
License Information: a m, h, LIC=ATTHL-04HTT-R9MG6-D7KP6-7MG3J-6H96G
 
Tool Versions:
Toolchain:       MDK-ARM Plus  Version: 5.24.1
Toolchain Path:  C:\Keil_v5\ARM\ARMCC\Bin
C Compiler:      Armcc.exe V5.06 update 5 (build 528)
Assembler:       Armasm.exe V5.06 update 5 (build 528)
Linker/Locator:  ArmLink.exe V5.06 update 5 (build 528)
Library Manager: ArmAr.exe V5.06 update 5 (build 528)
Hex Converter:   FromElf.exe V5.06 update 5 (build 528)
CPU DLL:         SARMCM3.DLL V5.24.1
Dialog DLL:      DCM.DLL V1.16.0.0
Target DLL:      STLink\ST-LINKIII-KEIL_SWO.dll V3.0.1.0
Dialog DLL:      TCM.DLL V1.32.0.0
 
<h2>Project:</h2>
D:\Git_client\mcu\MDK-ARM\multimedia v2-1.uvprojx
Project File Date:  10/28/2018

<h2>Output:</h2>
*** Using Compiler 'V5.06 update 5 (build 528)', folder: 'C:\Keil_v5\ARM\ARMCC\Bin'
Build target 'multimedia v2-1'
compiling main.c...
../Src/main.c(459): warning:  #174-D: expression has no effect
      for (i; i<n; i++){
../Src/main.c(478): warning:  #188-D: enumerated type mixed with another type
  		HAL_GPIO_WritePin(
uto_GPIO_Port,
uto_Pin, 1);  // mute befor change mode
../Src/main.c(496): warning:  #188-D: enumerated type mixed with another type
  		HAL_GPIO_WritePin(
uto_GPIO_Port,
uto_Pin, 0);
../Src/main.c(528): warning:  #188-D: enumerated type mixed with another type
  				HAL_GPIO_WritePin(
uto_GPIO_Port,
uto_Pin, 1);
../Src/main.c(531): warning:  #188-D: enumerated type mixed with another type
  				HAL_GPIO_WritePin(
uto_GPIO_Port,
uto_Pin, 0);
../Src/main.c(512): warning:  #177-D: variable "vol_treble"  was declared but never referenced
  		static uint8_t vol_treble[3] ={'t','b','l'};
../Src/main.c(701): warning:  #188-D: enumerated type mixed with another type
  HAL_GPIO_WritePin( 
PIOB, 
PIO_PIN_14, 1);
../Src/main.c(736): warning:  #167-D: argument of type "int *" is incompatible with parameter of type "uint32_t *"
  	HAL_ADC_Start_DMA(&hadc1, ADC_buffer, 2);
../Src/main.c(757): warning:  #188-D: enumerated type mixed with another type
  HAL_GPIO_WritePin(
tbo_GPIO_Port,
tbo_Pin, 0);
../Src/main.c(761): warning:  #188-D: enumerated type mixed with another type
  HAL_GPIO_WritePin(
uto_GPIO_Port,
uto_Pin, 1);		
../Src/main.c(762): warning:  #188-D: enumerated type mixed with another type
  HAL_GPIO_WritePin(
tbo_GPIO_Port,
tbo_Pin, 0);
../Src/main.c(764): warning:  #188-D: enumerated type mixed with another type
  HAL_GPIO_WritePin(
npo_GPIO_Port,
npo_Pin, 0);
../Src/main.c(765): warning:  #188-D: enumerated type mixed with another type
  	 HAL_GPIO_WritePin(
nho_GPIO_Port,
nho_Pin, 0);
../Src/main.c(810): warning:  #188-D: enumerated type mixed with another type
  				HAL_GPIO_WritePin(
npo_GPIO_Port,
npo_Pin, 0);
../Src/main.c(811): warning:  #188-D: enumerated type mixed with another type
  	 HAL_GPIO_WritePin(
nho_GPIO_Port,
nho_Pin, 0);		
../Src/main.c(812): warning:  #188-D: enumerated type mixed with another type
  	HAL_GPIO_WritePin(
uto_GPIO_Port,
uto_Pin, 0);		
../Src/main.c(813): warning:  #188-D: enumerated type mixed with another type
  HAL_GPIO_WritePin(
tbo_GPIO_Port,
tbo_Pin, 0);
../Src/main.c(818): warning:  #188-D: enumerated type mixed with another type
      HAL_GPIO_WritePin(
npo_GPIO_Port,
npo_Pin, 1);
../Src/main.c(819): warning:  #188-D: enumerated type mixed with another type
  	 HAL_GPIO_WritePin(
nho_GPIO_Port,
nho_Pin, 1);		
../Src/main.c(820): warning:  #188-D: enumerated type mixed with another type
  	HAL_GPIO_WritePin(
uto_GPIO_Port,
uto_Pin, 1);		
../Src/main.c(821): warning:  #188-D: enumerated type mixed with another type
  	HAL_GPIO_WritePin(
tbo_GPIO_Port,
tbo_Pin, 1);	
../Src/main.c(132): warning:  #177-D: function "MX_CAN_Init"  was declared but never referenced
  static void MX_CAN_Init(void);
../Src/main.c(134): warning:  #177-D: function "MX_USB_PCD_Init"  was declared but never referenced
  static void MX_USB_PCD_Init(void);
../Src/main.c: 23 warnings, 0 errors
linking...
Program Size: Code=13584 RO-data=292 RW-data=180 ZI-data=1476  
"multimedia v2-1\multimedia v2-1.axf" - 0 Error(s), 23 Warning(s).

<h2>Software Packages used:</h2>

Package Vendor: ARM
                http://www.keil.com/pack/ARM.CMSIS.5.0.1.pack
                ARM.CMSIS.5.0.1
                CMSIS (Cortex Microcontroller Software Interface Standard)
   * Component: CORE Version: 5.0.1

Package Vendor: Keil
                http://www.keil.com/pack/Keil.STM32F1xx_DFP.2.2.0.pack
                Keil.STM32F1xx_DFP.2.2.0
                STMicroelectronics STM32F1 Series Device Support, Drivers and Examples

<h2>Collection of Component include folders:</h2>
  .\RTE\_multimedia_v2-1
  C:\Keil_v5\ARM\PACK\ARM\CMSIS\5.0.1\CMSIS\Include
  C:\Keil_v5\ARM\PACK\Keil\STM32F1xx_DFP\2.2.0\Device\Include

<h2>Collection of Component Files used:</h2>

   * Component: ARM::CMSIS:CORE:5.0.1
Build Time Elapsed:  00:00:01
</pre>
</body>
</html>
